Compiling lib\main.dart for the Web...                          
Wasm dry run findings:
Found incompatibilities with WebAssembly.

package:flutter_secure_storage_web/flutter_secure_storage_web.dart 5:1 - dart:html unsupported (0)
package:flutter_secure_storage_web/src/subtle.dart 21:1 - dart:html unsupported (0)
package:js/js.dart 10:1 - dart:js unsupported (1)
package:flutter_secure_storage_web/flutter_secure_storage_web.dart 6:1 - JS interop library 'dart:js_util' can't be imported when compiling to Wasm. (2)
package:flutter_secure_storage_web/src/subtle.dart 22:1 - JS interop library 'dart:js_util' can't be imported when compiling to Wasm. (2)
package:flutter_secure_storage_web/src/subtle.dart 26:1 - JS interop library 'package:js/js.dart' can't be imported when compiling to Wasm. (2)

Consider addressing these issues to enable wasm builds. See docs for more info: https://docs.flutter.dev/platform-integration/web/wasm

Use --no-wasm-dry-run to disable these warnings.
Font asset "CupertinoIcons.ttf" was tree-shaken, reducing it from 257628 to 1472 bytes (99.4% reduction). Tree-shaking can be disabled by providing the --no-tree-shake-icons flag when building your app.
Font asset "MaterialIcons-Regular.otf" was tree-shaken, reducing it from 1645184 to 9688 bytes (99.4% reduction). Tree-shaking can be disabled by providing the --no-tree-shake-icons flag when building your app.
Compiling lib\main.dart for the Web...                             26.2s
ÔêÜ Built build\web
