Launching lib\main.dart on Chrome in debug mode...
Waiting for connection from debug service on Chrome...            131.1s
This app is linked to the debug service: ws://127.0.0.1:61687/ZLmAOABn9dM=/ws
Debug service listening on ws://127.0.0.1:61687/ZLmAOABn9dM=/ws

Flutter run key commands.
r Hot reload. ­ƒöÑ­ƒöÑ­ƒöÑ
R Hot restart.
h List all available interactive commands.
d Detach (terminate "flutter run" but leave application running).
c Clear the screen
q Quit (terminate the application on the device).

A Dart VM Service on Chrome is available at: http://127.0.0.1:61687/ZLmAOABn9dM=

Starting application from main method in: org-dartlang-app:/web_entrypoint.dart.
supabase.supabase_flutter: INFO: ***** Supabase init completed ***** 
The Flutter DevTools debugger and profiler on Chrome is available at: http://127.0.0.1:9100?uri=http://127.0.0.1:61687/ZLmAOABn9dM=





